[red-parts.html.themeforest.scompiler.ru/themes/red-ltr/index.html]
[backblue.gif]
[fade.gif]
[index.html]
[red-parts.html.themeforest.scompiler.ru/themes/red-ltr/images/favicon.png]
[red-parts.html.themeforest.scompiler.ru/themes/red-ltr/vendor/owl-carousel/assets/owl.carousel.min.css]
[red-parts.html.themeforest.scompiler.ru/themes/red-ltr/vendor/bootstrap/css/bootstrap.css]
[red-parts.html.themeforest.scompiler.ru/themes/red-ltr/vendor/photoswipe/photoswipe.css]
[red-parts.html.themeforest.scompiler.ru/themes/red-ltr/vendor/photoswipe/default-skin/default-skin.css]
[red-parts.html.themeforest.scompiler.ru/themes/red-ltr/vendor/select2/css/select2.min.css]
[red-parts.html.themeforest.scompiler.ru/themes/red-ltr/css/style.css]
[red-parts.html.themeforest.scompiler.ru/themes/red-ltr/css/style.header-spaceship-variant-one.css]
[red-parts.html.themeforest.scompiler.ru/themes/red-ltr/css/style.mobile-header-variant-one.css]
[red-parts.html.themeforest.scompiler.ru/themes/red-ltr/vendor/fontawesome/css/all.min.css]
[red-parts.html.themeforest.scompiler.ru/themes/red-ltr/account-login.html]
[red-parts.html.themeforest.scompiler.ru/themes/red-ltr/wishlist.html]
[red-parts.html.themeforest.scompiler.ru/themes/red-ltr/cart.html]
[red-parts.html.themeforest.scompiler.ru/themes/red-ltr/about-us.html]
[red-parts.html.themeforest.scompiler.ru/themes/red-ltr/contact-us-v1.html]
[red-parts.html.themeforest.scompiler.ru/themes/red-ltr/track-order.html]
[red-parts.html.themeforest.scompiler.ru/themes/red-ltr/images/languages/language-1.png]
[red-parts.html.themeforest.scompiler.ru/themes/red-ltr/images/languages/language-2.png]
[red-parts.html.themeforest.scompiler.ru/themes/red-ltr/images/languages/language-3.png]
[red-parts.html.themeforest.scompiler.ru/themes/red-ltr/images/languages/language-4.png]
[red-parts.html.themeforest.scompiler.ru/themes/red-ltr/images/languages/language-5.png]
[red-parts.html.themeforest.scompiler.ru/themes/red-ltr/images/departments/departments-2.jpg]
[red-parts.html.themeforest.scompiler.ru/themes/red-ltr/images/departments/departments-1.jpg]
[red-parts.html.themeforest.scompiler.ru/themes/red-ltr/images/departments/departments-3.jpg]
[red-parts.html.themeforest.scompiler.ru/themes/red-ltr/images/departments/departments-4.jpg]
[red-parts.html.themeforest.scompiler.ru/themes/red-ltr/index2.html]
[red-parts.html.themeforest.scompiler.ru/themes/red-ltr/header-spaceship-variant-one.html]
[red-parts.html.themeforest.scompiler.ru/themes/red-ltr/header-spaceship-variant-two.html]
[red-parts.html.themeforest.scompiler.ru/themes/red-ltr/header-spaceship-variant-three.html]
[red-parts.html.themeforest.scompiler.ru/themes/red-ltr/header-classic-variant-one.html]
[red-parts.html.themeforest.scompiler.ru/themes/red-ltr/header-classic-variant-two.html]
[red-parts.html.themeforest.scompiler.ru/themes/red-ltr/header-classic-variant-three.html]
[red-parts.html.themeforest.scompiler.ru/themes/red-ltr/header-classic-variant-four.html]
[red-parts.html.themeforest.scompiler.ru/themes/red-ltr/header-classic-variant-five.html]
[red-parts.html.themeforest.scompiler.ru/themes/red-ltr/mobile-header-variant-one.html]
[red-parts.html.themeforest.scompiler.ru/themes/red-ltr/mobile-header-variant-two.html]
[red-parts.html.themeforest.scompiler.ru/themes/red-ltr/shop-grid-4-columns-sidebar.html]
[red-parts.html.themeforest.scompiler.ru/themes/red-ltr/category-4-columns-sidebar.html]
[red-parts.html.themeforest.scompiler.ru/themes/red-ltr/category-3-columns-sidebar.html]
[red-parts.html.themeforest.scompiler.ru/themes/red-ltr/category-5-columns-sidebar.html]
[red-parts.html.themeforest.scompiler.ru/themes/red-ltr/category-4-columns-full.html]
[red-parts.html.themeforest.scompiler.ru/themes/red-ltr/category-5-columns-full.html]
[red-parts.html.themeforest.scompiler.ru/themes/red-ltr/category-6-columns-full.html]
[red-parts.html.themeforest.scompiler.ru/themes/red-ltr/category-7-columns-full.html]
[red-parts.html.themeforest.scompiler.ru/themes/red-ltr/category-right-sidebar.html]
[red-parts.html.themeforest.scompiler.ru/themes/red-ltr/shop-grid-6-columns-full.html]
[red-parts.html.themeforest.scompiler.ru/themes/red-ltr/shop-grid-5-columns-full.html]
[red-parts.html.themeforest.scompiler.ru/themes/red-ltr/shop-grid-4-columns-full.html]
[red-parts.html.themeforest.scompiler.ru/themes/red-ltr/shop-grid-3-columns-sidebar.html]
[red-parts.html.themeforest.scompiler.ru/themes/red-ltr/shop-list.html]
[red-parts.html.themeforest.scompiler.ru/themes/red-ltr/shop-table.html]
[red-parts.html.themeforest.scompiler.ru/themes/red-ltr/shop-right-sidebar.html]
[red-parts.html.themeforest.scompiler.ru/themes/red-ltr/product-full.html]
[red-parts.html.themeforest.scompiler.ru/themes/red-ltr/product-sidebar.html]
[red-parts.html.themeforest.scompiler.ru/themes/red-ltr/checkout.html]
[red-parts.html.themeforest.scompiler.ru/themes/red-ltr/order-success.html]
[red-parts.html.themeforest.scompiler.ru/themes/red-ltr/compare.html]
[red-parts.html.themeforest.scompiler.ru/themes/red-ltr/blog-classic-right-sidebar.html]
[red-parts.html.themeforest.scompiler.ru/themes/red-ltr/blog-classic-left-sidebar.html]
[red-parts.html.themeforest.scompiler.ru/themes/red-ltr/blog-list-right-sidebar.html]
[red-parts.html.themeforest.scompiler.ru/themes/red-ltr/blog-list-left-sidebar.html]
[red-parts.html.themeforest.scompiler.ru/themes/red-ltr/blog-grid-right-sidebar.html]
[red-parts.html.themeforest.scompiler.ru/themes/red-ltr/blog-grid-left-sidebar.html]
[red-parts.html.themeforest.scompiler.ru/themes/red-ltr/post-full-width.html]
[red-parts.html.themeforest.scompiler.ru/themes/red-ltr/post-left-sidebar.html]
[red-parts.html.themeforest.scompiler.ru/themes/red-ltr/post-right-sidebar.html]
[red-parts.html.themeforest.scompiler.ru/themes/red-ltr/post-without-image.html]
[red-parts.html.themeforest.scompiler.ru/themes/red-ltr/account-dashboard.html]
[red-parts.html.themeforest.scompiler.ru/themes/red-ltr/account-garage.html]
[red-parts.html.themeforest.scompiler.ru/themes/red-ltr/account-profile.html]
[red-parts.html.themeforest.scompiler.ru/themes/red-ltr/account-orders.html]
[red-parts.html.themeforest.scompiler.ru/themes/red-ltr/account-order-details.html]
[red-parts.html.themeforest.scompiler.ru/themes/red-ltr/account-addresses.html]
[red-parts.html.themeforest.scompiler.ru/themes/red-ltr/account-edit-address.html]
[red-parts.html.themeforest.scompiler.ru/themes/red-ltr/account-password.html]
[red-parts.html.themeforest.scompiler.ru/themes/red-ltr/contact-us-v2.html]
[red-parts.html.themeforest.scompiler.ru/themes/red-ltr/404.html]
[red-parts.html.themeforest.scompiler.ru/themes/red-ltr/terms.html]
[red-parts.html.themeforest.scompiler.ru/themes/red-ltr/faq.html]
[red-parts.html.themeforest.scompiler.ru/themes/red-ltr/components.html]
[red-parts.html.themeforest.scompiler.ru/themes/red-ltr/typography.html]
[red-parts.html.themeforest.scompiler.ru/themes/red-ltr/images/products/product-2-40x40.jpg]
[red-parts.html.themeforest.scompiler.ru/themes/red-ltr/images/products/product-3-40x40.jpg]
[red-parts.html.themeforest.scompiler.ru/themes/red-ltr/images/products/product-4-40x40.jpg]
[red-parts.html.themeforest.scompiler.ru/themes/red-ltr/images/avatars/avatar-4.jpg]
[red-parts.html.themeforest.scompiler.ru/themes/red-ltr/images/products/product-4-70x70.jpg]
[red-parts.html.themeforest.scompiler.ru/themes/red-ltr/images/products/product-2-70x70.jpg]
[red-parts.html.themeforest.scompiler.ru/themes/red-ltr/images/products/product-5-70x70.jpg]
[red-parts.html.themeforest.scompiler.ru/themes/red-ltr/images/finder-1903x500.jpg]
[red-parts.html.themeforest.scompiler.ru/themes/red-ltr/images/products/product-1-245x245.jpg]
[red-parts.html.themeforest.scompiler.ru/themes/red-ltr/images/products/product-2-245x245.jpg]
[red-parts.html.themeforest.scompiler.ru/themes/red-ltr/images/products/product-3-245x245.jpg]
[red-parts.html.themeforest.scompiler.ru/themes/red-ltr/images/products/product-4-245x245.jpg]
[red-parts.html.themeforest.scompiler.ru/themes/red-ltr/images/products/product-5-245x245.jpg]
[red-parts.html.themeforest.scompiler.ru/themes/red-ltr/images/products/product-6-245x245.jpg]
[red-parts.html.themeforest.scompiler.ru/themes/red-ltr/images/products/product-7-245x245.jpg]
[red-parts.html.themeforest.scompiler.ru/themes/red-ltr/images/products/product-8-245x245.jpg]
[red-parts.html.themeforest.scompiler.ru/themes/red-ltr/images/products/product-9-245x245.jpg]
[red-parts.html.themeforest.scompiler.ru/themes/red-ltr/images/products/product-10-245x245.jpg]
[red-parts.html.themeforest.scompiler.ru/themes/red-ltr/images/sale-1903x640.jpg]
[red-parts.html.themeforest.scompiler.ru/themes/red-ltr/images/categories/category-overlay-1.jpg]
[red-parts.html.themeforest.scompiler.ru/themes/red-ltr/images/categories/category-overlay-2.jpg]
[red-parts.html.themeforest.scompiler.ru/themes/red-ltr/images/categories/category-overlay-3.jpg]
[red-parts.html.themeforest.scompiler.ru/themes/red-ltr/images/banners/banner1.jpg]
[red-parts.html.themeforest.scompiler.ru/themes/red-ltr/images/banners/banner2.jpg]
[red-parts.html.themeforest.scompiler.ru/themes/red-ltr/images/posts/post-1-730x485.jpg]
[red-parts.html.themeforest.scompiler.ru/themes/red-ltr/images/posts/post-2-730x485.jpg]
[red-parts.html.themeforest.scompiler.ru/themes/red-ltr/images/posts/post-3-730x485.jpg]
[red-parts.html.themeforest.scompiler.ru/themes/red-ltr/images/posts/post-4-730x485.jpg]
[red-parts.html.themeforest.scompiler.ru/themes/red-ltr/images/posts/post-5-730x485.jpg]
[red-parts.html.themeforest.scompiler.ru/themes/red-ltr/images/posts/post-6-730x485.jpg]
[red-parts.html.themeforest.scompiler.ru/themes/red-ltr/images/brands/brand-1.png]
[red-parts.html.themeforest.scompiler.ru/themes/red-ltr/images/brands/brand-2.png]
[red-parts.html.themeforest.scompiler.ru/themes/red-ltr/images/brands/brand-3.png]
[red-parts.html.themeforest.scompiler.ru/themes/red-ltr/images/brands/brand-4.png]
[red-parts.html.themeforest.scompiler.ru/themes/red-ltr/images/brands/brand-5.png]
[red-parts.html.themeforest.scompiler.ru/themes/red-ltr/images/brands/brand-6.png]
[red-parts.html.themeforest.scompiler.ru/themes/red-ltr/images/brands/brand-7.png]
[red-parts.html.themeforest.scompiler.ru/themes/red-ltr/images/brands/brand-8.png]
[red-parts.html.themeforest.scompiler.ru/themes/red-ltr/images/brands/brand-9.png]
[red-parts.html.themeforest.scompiler.ru/themes/red-ltr/images/brands/brand-10.png]
[red-parts.html.themeforest.scompiler.ru/themes/red-ltr/images/brands/brand-11.png]
[red-parts.html.themeforest.scompiler.ru/themes/red-ltr/images/brands/brand-12.png]
[red-parts.html.themeforest.scompiler.ru/themes/red-ltr/images/brands/brand-13.png]
[red-parts.html.themeforest.scompiler.ru/themes/red-ltr/images/brands/brand-14.png]
[red-parts.html.themeforest.scompiler.ru/themes/red-ltr/images/brands/brand-15.png]
[red-parts.html.themeforest.scompiler.ru/themes/red-ltr/images/brands/brand-16.png]
[red-parts.html.themeforest.scompiler.ru/themes/red-ltr/images/payments.png]
[red-parts.html.themeforest.scompiler.ru/themes/red-ltr/category.html]
[red-parts.html.themeforest.scompiler.ru/themes/red-ltr/vendor/jquery/jquery.min.js]
[red-parts.html.themeforest.scompiler.ru/themes/red-ltr/vendor/bootstrap/js/bootstrap.bundle.min.js]
[red-parts.html.themeforest.scompiler.ru/themes/red-ltr/vendor/owl-carousel/owl.carousel.min.js]
[red-parts.html.themeforest.scompiler.ru/themes/red-ltr/vendor/nouislider/nouislider.min.js]
[red-parts.html.themeforest.scompiler.ru/themes/red-ltr/vendor/photoswipe/photoswipe.min.js]
[red-parts.html.themeforest.scompiler.ru/themes/red-ltr/vendor/photoswipe/photoswipe-ui-default.min.js]
[red-parts.html.themeforest.scompiler.ru/themes/red-ltr/vendor/select2/js/select2.min.js]
[red-parts.html.themeforest.scompiler.ru/themes/red-ltr/js/number.js]
[red-parts.html.themeforest.scompiler.ru/themes/red-ltr/index.html]
[red-parts.html.themeforest.scompiler.ru/themes/red-ltr/vendor/bootstrap/css/bootstrap.css]
[red-parts.html.themeforest.scompiler.ru/themes/red-ltr/js/main.js]
[red-parts.html.themeforest.scompiler.ru/themes/red-ltr/vendor/owl-carousel/assets/owl.video.play.png]
[red-parts.html.themeforest.scompiler.ru/themes/red-ltr/vendor/owl-carousel/assets/owl.carousel.min.css]
[red-parts.html.themeforest.scompiler.ru/themes/red-ltr/vendor/photoswipe/photoswipe.css]
[red-parts.html.themeforest.scompiler.ru/themes/red-ltr/vendor/photoswipe/default-skin/default-skin.png]
[red-parts.html.themeforest.scompiler.ru/themes/red-ltr/vendor/photoswipe/default-skin/preloader.gif]
[red-parts.html.themeforest.scompiler.ru/themes/red-ltr/vendor/photoswipe/default-skin/default-skin.css]
[red-parts.html.themeforest.scompiler.ru/themes/red-ltr/vendor/select2/css/select2.min.css]
[red-parts.html.themeforest.scompiler.ru/themes/red-ltr/css/style.css]
[red-parts.html.themeforest.scompiler.ru/themes/red-ltr/css/style.header-spaceship-variant-one.css]
[red-parts.html.themeforest.scompiler.ru/themes/red-ltr/css/style.mobile-header-variant-one.css]
[red-parts.html.themeforest.scompiler.ru/themes/red-ltr/vendor/fontawesome/webfonts/fa-brands-400.eot]
[red-parts.html.themeforest.scompiler.ru/themes/red-ltr/vendor/fontawesome/webfonts/fa-brands-400d41d.eot]
[red-parts.html.themeforest.scompiler.ru/themes/red-ltr/vendor/fontawesome/webfonts/fa-brands-400.woff2]
[red-parts.html.themeforest.scompiler.ru/themes/red-ltr/vendor/fontawesome/webfonts/fa-brands-400.woff]
[red-parts.html.themeforest.scompiler.ru/themes/red-ltr/vendor/fontawesome/webfonts/fa-brands-400.ttf]
[red-parts.html.themeforest.scompiler.ru/themes/red-ltr/vendor/fontawesome/webfonts/fa-regular-400.eot]
[red-parts.html.themeforest.scompiler.ru/themes/red-ltr/vendor/fontawesome/webfonts/fa-regular-400d41d.eot]
[red-parts.html.themeforest.scompiler.ru/themes/red-ltr/vendor/fontawesome/webfonts/fa-regular-400.woff2]
[red-parts.html.themeforest.scompiler.ru/themes/red-ltr/vendor/fontawesome/webfonts/fa-regular-400.woff]
[red-parts.html.themeforest.scompiler.ru/themes/red-ltr/vendor/fontawesome/webfonts/fa-regular-400.ttf]
[red-parts.html.themeforest.scompiler.ru/themes/red-ltr/vendor/fontawesome/webfonts/fa-solid-900.eot]
[red-parts.html.themeforest.scompiler.ru/themes/red-ltr/vendor/fontawesome/webfonts/fa-solid-900d41d.eot]
[red-parts.html.themeforest.scompiler.ru/themes/red-ltr/vendor/fontawesome/webfonts/fa-solid-900.woff2]
[red-parts.html.themeforest.scompiler.ru/themes/red-ltr/vendor/fontawesome/webfonts/fa-solid-900.woff]
[red-parts.html.themeforest.scompiler.ru/themes/red-ltr/vendor/fontawesome/webfonts/fa-solid-900.ttf]
[red-parts.html.themeforest.scompiler.ru/themes/red-ltr/vendor/fontawesome/css/all.min.css]
[red-parts.html.themeforest.scompiler.ru/themes/red-ltr/account-login.html]
[red-parts.html.themeforest.scompiler.ru/themes/red-ltr/images/products/product-1-160x160.jpg]
[red-parts.html.themeforest.scompiler.ru/themes/red-ltr/images/products/product-2-160x160.jpg]
[red-parts.html.themeforest.scompiler.ru/themes/red-ltr/images/products/product-3-160x160.jpg]
[red-parts.html.themeforest.scompiler.ru/themes/red-ltr/wishlist.html]
[red-parts.html.themeforest.scompiler.ru/themes/red-ltr/images/products/product-4-160x160.jpg]
[red-parts.html.themeforest.scompiler.ru/themes/red-ltr/images/products/product-5-160x160.jpg]
[red-parts.html.themeforest.scompiler.ru/themes/red-ltr/cart.html]
[red-parts.html.themeforest.scompiler.ru/themes/red-ltr/images/about-1903x1903.jpg]
[red-parts.html.themeforest.scompiler.ru/themes/red-ltr/images/signature.jpg]
[red-parts.html.themeforest.scompiler.ru/themes/red-ltr/images/teammates/teammate1-206x206.jpg]
[red-parts.html.themeforest.scompiler.ru/themes/red-ltr/images/teammates/teammate2-206x206.jpg]
[red-parts.html.themeforest.scompiler.ru/themes/red-ltr/images/teammates/teammate3-206x206.jpg]
[red-parts.html.themeforest.scompiler.ru/themes/red-ltr/images/teammates/teammate4-206x206.jpg]
[red-parts.html.themeforest.scompiler.ru/themes/red-ltr/images/teammates/teammate5-206x206.jpg]
[red-parts.html.themeforest.scompiler.ru/themes/red-ltr/images/testimonials/testimonial-1-190x190.jpg]
[red-parts.html.themeforest.scompiler.ru/themes/red-ltr/images/testimonials/testimonial-2-190x190.jpg]
[red-parts.html.themeforest.scompiler.ru/themes/red-ltr/images/testimonials/testimonial-3-190x190.jpg]
[red-parts.html.themeforest.scompiler.ru/themes/red-ltr/about-us.html]
[red-parts.html.themeforest.scompiler.ru/themes/red-ltr/contact-us-v1.html]
[red-parts.html.themeforest.scompiler.ru/themes/red-ltr/track-order.html]
[red-parts.html.themeforest.scompiler.ru/themes/red-ltr/css/style.header-classic-variant-one.css]
[red-parts.html.themeforest.scompiler.ru/themes/red-ltr/images/slides/slide-3.jpg]
[red-parts.html.themeforest.scompiler.ru/themes/red-ltr/images/slides/slide-3-mobile.jpg]
[red-parts.html.themeforest.scompiler.ru/themes/red-ltr/images/slides/slide-2.jpg]
[red-parts.html.themeforest.scompiler.ru/themes/red-ltr/images/slides/slide-2-mobile.jpg]
[red-parts.html.themeforest.scompiler.ru/themes/red-ltr/images/slides/slide-1.jpg]
[red-parts.html.themeforest.scompiler.ru/themes/red-ltr/images/slides/slide-1-mobile.jpg]
[red-parts.html.themeforest.scompiler.ru/themes/red-ltr/images/categories/category-1-160x160.jpg]
[red-parts.html.themeforest.scompiler.ru/themes/red-ltr/images/categories/category-2-160x160.jpg]
[red-parts.html.themeforest.scompiler.ru/themes/red-ltr/images/categories/category-3-160x160.jpg]
[red-parts.html.themeforest.scompiler.ru/themes/red-ltr/images/categories/category-4-160x160.jpg]
[red-parts.html.themeforest.scompiler.ru/themes/red-ltr/images/categories/category-5-160x160.jpg]
[red-parts.html.themeforest.scompiler.ru/themes/red-ltr/images/categories/category-6-160x160.jpg]
[red-parts.html.themeforest.scompiler.ru/themes/red-ltr/index2.html]
[red-parts.html.themeforest.scompiler.ru/themes/red-ltr/header-spaceship-variant-one.html]
[red-parts.html.themeforest.scompiler.ru/themes/red-ltr/header-spaceship-variant-two.html]
[red-parts.html.themeforest.scompiler.ru/themes/red-ltr/css/style.header-spaceship-variant-two.css]
[red-parts.html.themeforest.scompiler.ru/themes/red-ltr/header-spaceship-variant-three.html]
[red-parts.html.themeforest.scompiler.ru/themes/red-ltr/header-classic-variant-one.html]
[red-parts.html.themeforest.scompiler.ru/themes/red-ltr/css/style.header-spaceship-variant-three.css]
[red-parts.html.themeforest.scompiler.ru/themes/red-ltr/header-classic-variant-two.html]
[red-parts.html.themeforest.scompiler.ru/themes/red-ltr/css/style.header-classic-variant-two.css]
[red-parts.html.themeforest.scompiler.ru/themes/red-ltr/header-classic-variant-three.html]
[red-parts.html.themeforest.scompiler.ru/themes/red-ltr/css/style.header-classic-variant-three.css]
[red-parts.html.themeforest.scompiler.ru/themes/red-ltr/header-classic-variant-four.html]
[red-parts.html.themeforest.scompiler.ru/themes/red-ltr/css/style.header-classic-variant-four.css]
[red-parts.html.themeforest.scompiler.ru/themes/red-ltr/header-classic-variant-five.html]
[red-parts.html.themeforest.scompiler.ru/themes/red-ltr/mobile-header-variant-one.html]
[red-parts.html.themeforest.scompiler.ru/themes/red-ltr/css/style.header-classic-variant-five.css]
[red-parts.html.themeforest.scompiler.ru/themes/red-ltr/mobile-header-variant-two.html]
[red-parts.html.themeforest.scompiler.ru/themes/red-ltr/css/style.mobile-header-variant-two.css]
[red-parts.html.themeforest.scompiler.ru/themes/red-ltr/images/products/product-1-64x64.jpg]
[red-parts.html.themeforest.scompiler.ru/themes/red-ltr/images/products/product-2-64x64.jpg]
[red-parts.html.themeforest.scompiler.ru/themes/red-ltr/images/products/product-3-64x64.jpg]
[red-parts.html.themeforest.scompiler.ru/themes/red-ltr/images/products/product-4-64x64.jpg]
[red-parts.html.themeforest.scompiler.ru/themes/red-ltr/images/products/product-5-64x64.jpg]
[red-parts.html.themeforest.scompiler.ru/themes/red-ltr/images/products/product-11-245x245.jpg]
[red-parts.html.themeforest.scompiler.ru/themes/red-ltr/images/products/product-12-245x245.jpg]
[red-parts.html.themeforest.scompiler.ru/themes/red-ltr/images/products/product-13-245x245.jpg]
[red-parts.html.themeforest.scompiler.ru/themes/red-ltr/images/products/product-14-245x245.jpg]
[red-parts.html.themeforest.scompiler.ru/themes/red-ltr/images/products/product-15-245x245.jpg]
[red-parts.html.themeforest.scompiler.ru/themes/red-ltr/images/products/product-16-245x245.jpg]
[red-parts.html.themeforest.scompiler.ru/themes/red-ltr/images/products/product-17-245x245.jpg]
[red-parts.html.themeforest.scompiler.ru/themes/red-ltr/images/products/product-18-245x245.jpg]
[red-parts.html.themeforest.scompiler.ru/themes/red-ltr/images/products/product-19-245x245.jpg]
[red-parts.html.themeforest.scompiler.ru/themes/red-ltr/images/products/product-20-245x245.jpg]
[red-parts.html.themeforest.scompiler.ru/themes/red-ltr/shop-grid-4-columns-sidebar.html]
[red-parts.html.themeforest.scompiler.ru/themes/red-ltr/images/categories/category-1-200x200.jpg]
[red-parts.html.themeforest.scompiler.ru/themes/red-ltr/images/categories/category-2-200x200.jpg]
[red-parts.html.themeforest.scompiler.ru/themes/red-ltr/images/categories/category-3-200x200.jpg]
[red-parts.html.themeforest.scompiler.ru/themes/red-ltr/images/categories/category-4-200x200.jpg]
[red-parts.html.themeforest.scompiler.ru/themes/red-ltr/images/categories/category-5-200x200.jpg]
[red-parts.html.themeforest.scompiler.ru/themes/red-ltr/images/categories/category-6-200x200.jpg]
[red-parts.html.themeforest.scompiler.ru/themes/red-ltr/images/categories/category-7-200x200.jpg]
[red-parts.html.themeforest.scompiler.ru/themes/red-ltr/images/categories/category-8-200x200.jpg]
[red-parts.html.themeforest.scompiler.ru/themes/red-ltr/category-4-columns-sidebar.html]
[red-parts.html.themeforest.scompiler.ru/themes/red-ltr/category-3-columns-sidebar.html]
[red-parts.html.themeforest.scompiler.ru/themes/red-ltr/category-5-columns-sidebar.html]
[red-parts.html.themeforest.scompiler.ru/themes/red-ltr/category-4-columns-full.html]
[red-parts.html.themeforest.scompiler.ru/themes/red-ltr/category-5-columns-full.html]
[red-parts.html.themeforest.scompiler.ru/themes/red-ltr/category-6-columns-full.html]
[red-parts.html.themeforest.scompiler.ru/themes/red-ltr/category-7-columns-full.html]
[red-parts.html.themeforest.scompiler.ru/themes/red-ltr/category-right-sidebar.html]
[red-parts.html.themeforest.scompiler.ru/themes/red-ltr/shop-grid-6-columns-full.html]
[red-parts.html.themeforest.scompiler.ru/themes/red-ltr/shop-grid-5-columns-full.html]
[red-parts.html.themeforest.scompiler.ru/themes/red-ltr/shop-grid-4-columns-full.html]
[red-parts.html.themeforest.scompiler.ru/themes/red-ltr/shop-grid-3-columns-sidebar.html]
[red-parts.html.themeforest.scompiler.ru/themes/red-ltr/shop-list.html]
[red-parts.html.themeforest.scompiler.ru/themes/red-ltr/shop-table.html]
[red-parts.html.themeforest.scompiler.ru/themes/red-ltr/shop-right-sidebar.html]
[red-parts.html.themeforest.scompiler.ru/themes/red-ltr/images/products/product-2-700x700.jpg]
[red-parts.html.themeforest.scompiler.ru/themes/red-ltr/images/products/product-2-500x500.jpg]
[red-parts.html.themeforest.scompiler.ru/themes/red-ltr/images/products/product-1-700x700.jpg]
[red-parts.html.themeforest.scompiler.ru/themes/red-ltr/images/products/product-1-500x500.jpg]
[red-parts.html.themeforest.scompiler.ru/themes/red-ltr/images/products/product-3-700x700.jpg]
[red-parts.html.themeforest.scompiler.ru/themes/red-ltr/images/products/product-3-500x500.jpg]
[red-parts.html.themeforest.scompiler.ru/themes/red-ltr/images/products/product-4-700x700.jpg]
[red-parts.html.themeforest.scompiler.ru/themes/red-ltr/images/products/product-4-500x500.jpg]
[red-parts.html.themeforest.scompiler.ru/themes/red-ltr/images/products/product-1-70x70.jpg]
[red-parts.html.themeforest.scompiler.ru/themes/red-ltr/images/products/product-3-70x70.jpg]
[red-parts.html.themeforest.scompiler.ru/themes/red-ltr/images/avatars/avatar-1-42x42.jpg]
[red-parts.html.themeforest.scompiler.ru/themes/red-ltr/images/avatars/avatar-2-42x42.jpg]
[red-parts.html.themeforest.scompiler.ru/themes/red-ltr/images/avatars/avatar-3-42x42.jpg]
[red-parts.html.themeforest.scompiler.ru/themes/red-ltr/product-full.html]
[red-parts.html.themeforest.scompiler.ru/themes/red-ltr/product-sidebar.html]
[red-parts.html.themeforest.scompiler.ru/themes/red-ltr/checkout.html]
[red-parts.html.themeforest.scompiler.ru/themes/red-ltr/images/products/product-1-40x40.jpg]
[red-parts.html.themeforest.scompiler.ru/themes/red-ltr/order-success.html]
[red-parts.html.themeforest.scompiler.ru/themes/red-ltr/images/products/product-1-150x150.jpg]
[red-parts.html.themeforest.scompiler.ru/themes/red-ltr/images/products/product-2-150x150.jpg]
[red-parts.html.themeforest.scompiler.ru/themes/red-ltr/images/products/product-3-150x150.jpg]
[red-parts.html.themeforest.scompiler.ru/themes/red-ltr/images/products/product-4-150x150.jpg]
[red-parts.html.themeforest.scompiler.ru/themes/red-ltr/images/products/product-5-150x150.jpg]
[red-parts.html.themeforest.scompiler.ru/themes/red-ltr/compare.html]
[red-parts.html.themeforest.scompiler.ru/themes/red-ltr/images/posts/post-7-730x485.jpg]
[red-parts.html.themeforest.scompiler.ru/themes/red-ltr/images/posts/post-8-730x485.jpg]
[red-parts.html.themeforest.scompiler.ru/themes/red-ltr/images/posts/post-9-730x485.jpg]
[red-parts.html.themeforest.scompiler.ru/themes/red-ltr/images/posts/post-10-730x485.jpg]
[red-parts.html.themeforest.scompiler.ru/themes/red-ltr/images/posts/post-1-70x70.jpg]
[red-parts.html.themeforest.scompiler.ru/themes/red-ltr/images/posts/post-2-70x70.jpg]
[red-parts.html.themeforest.scompiler.ru/themes/red-ltr/images/posts/post-3-70x70.jpg]
[red-parts.html.themeforest.scompiler.ru/themes/red-ltr/images/posts/post-4-70x70.jpg]
[red-parts.html.themeforest.scompiler.ru/themes/red-ltr/blog-classic-right-sidebar.html]
[red-parts.html.themeforest.scompiler.ru/themes/red-ltr/blog-classic-left-sidebar.html]
[red-parts.html.themeforest.scompiler.ru/themes/red-ltr/blog-list-right-sidebar.html]
[red-parts.html.themeforest.scompiler.ru/themes/red-ltr/blog-list-left-sidebar.html]
[red-parts.html.themeforest.scompiler.ru/themes/red-ltr/blog-grid-right-sidebar.html]
[red-parts.html.themeforest.scompiler.ru/themes/red-ltr/blog-grid-left-sidebar.html]
[red-parts.html.themeforest.scompiler.ru/themes/red-ltr/images/posts/post-1-1903x500.jpg]
[red-parts.html.themeforest.scompiler.ru/themes/red-ltr/images/posts/post-3-664xauto.jpg]
[red-parts.html.themeforest.scompiler.ru/themes/red-ltr/images/avatars/avatar-4-70x70.jpg]
[red-parts.html.themeforest.scompiler.ru/themes/red-ltr/images/posts/post-2-80x80.jpg]
[red-parts.html.themeforest.scompiler.ru/themes/red-ltr/images/posts/post-3-80x80.jpg]
[red-parts.html.themeforest.scompiler.ru/themes/red-ltr/images/avatars/avatar-1-38x38.jpg]
[red-parts.html.themeforest.scompiler.ru/themes/red-ltr/images/avatars/avatar-2-38x38.jpg]
[red-parts.html.themeforest.scompiler.ru/themes/red-ltr/images/avatars/avatar-3-38x38.jpg]
[red-parts.html.themeforest.scompiler.ru/themes/red-ltr/images/avatars/avatar-4-38x38.jpg]
[red-parts.html.themeforest.scompiler.ru/themes/red-ltr/post-full-width.html]
[red-parts.html.themeforest.scompiler.ru/themes/red-ltr/post-left-sidebar.html]
[red-parts.html.themeforest.scompiler.ru/themes/red-ltr/post-right-sidebar.html]
[red-parts.html.themeforest.scompiler.ru/themes/red-ltr/post-without-image.html]
[red-parts.html.themeforest.scompiler.ru/themes/red-ltr/account-dashboard.html]
[red-parts.html.themeforest.scompiler.ru/themes/red-ltr/account-garage.html]
[red-parts.html.themeforest.scompiler.ru/themes/red-ltr/account-profile.html]
[red-parts.html.themeforest.scompiler.ru/themes/red-ltr/account-orders.html]
[red-parts.html.themeforest.scompiler.ru/themes/red-ltr/account-order-details.html]
[red-parts.html.themeforest.scompiler.ru/themes/red-ltr/account-addresses.html]
[red-parts.html.themeforest.scompiler.ru/themes/red-ltr/account-edit-address.html]
[red-parts.html.themeforest.scompiler.ru/themes/red-ltr/account-password.html]
[red-parts.html.themeforest.scompiler.ru/themes/red-ltr/contact-us-v2.html]
[red-parts.html.themeforest.scompiler.ru/themes/red-ltr/404.html]
[red-parts.html.themeforest.scompiler.ru/themes/red-ltr/contact-us.html]
[red-parts.html.themeforest.scompiler.ru/themes/red-ltr/terms.html]
[red-parts.html.themeforest.scompiler.ru/themes/red-ltr/faq.html]
[red-parts.html.themeforest.scompiler.ru/themes/red-ltr/components.html]
[red-parts.html.themeforest.scompiler.ru/themes/red-ltr/typography.html]
[red-parts.html.themeforest.scompiler.ru/themes/red-ltr/category.html]
[red-parts.html.themeforest.scompiler.ru/themes/red-ltr/vendor/photoswipe/default-skin/default-skin.svg]
[red-parts.html.themeforest.scompiler.ru/themes/red-ltr/vendor/fontawesome/webfonts/fa-brands-400.svg]
[red-parts.html.themeforest.scompiler.ru/themes/red-ltr/vendor/fontawesome/webfonts/fa-regular-400.svg]
[red-parts.html.themeforest.scompiler.ru/themes/red-ltr/vendor/fontawesome/webfonts/fa-solid-900.svg]
[red-parts.html.themeforest.scompiler.ru/themes/red-ltr/css/style.header-classic-variant-one.css]
[red-parts.html.themeforest.scompiler.ru/themes/red-ltr/css/style.header-spaceship-variant-two.css]
[red-parts.html.themeforest.scompiler.ru/themes/red-ltr/css/style.header-spaceship-variant-three.css]
[red-parts.html.themeforest.scompiler.ru/themes/red-ltr/css/style.header-classic-variant-two.css]
[red-parts.html.themeforest.scompiler.ru/themes/red-ltr/css/style.header-classic-variant-three.css]
[red-parts.html.themeforest.scompiler.ru/themes/red-ltr/css/style.header-classic-variant-four.css]
[red-parts.html.themeforest.scompiler.ru/themes/red-ltr/css/style.header-classic-variant-five.css]
[red-parts.html.themeforest.scompiler.ru/themes/red-ltr/css/style.mobile-header-variant-two.css]
[red-parts.html.themeforest.scompiler.ru/themes/red-ltr/contact-us.html]
